<html>
<body>
<pre>
<h1>礦ision Build Log</h1>
<h2>Tool Versions:</h2>
IDE-Version: μVision V5.17.0.0
Copyright (C) 2015 ARM Ltd and ARM Germany GmbH. All rights reserved.
License Information: ET ET, ET, LIC=KRMHL-0N1Q0-H82FS-L7T0I-AFN8Y-83IVZ
 
Tool Versions:
Toolchain:       MDK-ARM Standard  Version: 5.17
Toolchain Path:  D:\AZRJ\keil5\ARM\ARMCC\Bin
C Compiler:      Armcc.exe V5.06 update 1 (build 61)
Assembler:       Armasm.exe V5.06 update 1 (build 61)
Linker/Locator:  ArmLink.exe V5.06 update 1 (build 61)
Library Manager: ArmAr.exe V5.06 update 1 (build 61)
Hex Converter:   FromElf.exe V5.06 update 1 (build 61)
CPU DLL:         SARMCM3.DLL V5.17
Dialog DLL:      DCM.DLL V1.13.4.0
Target DLL:      STLink\ST-LINKIII-KEIL_SWO.dll V2.0.18.0
Dialog DLL:      TCM.DLL V1.14.6.0
 
<h2>Project:</h2>
D:\明基\ET-单通道水肥一体机\单通道水肥一体机-程序\单通道水肥一体机-程序\单通道水肥一体机-wifi模组\单通道水肥一体机-wifi-土壤温湿度\USER\UCOSII-3.uvprojx
Project File Date:  08/06/2019

<h2>Output:</h2>
*** Using Compiler 'V5.06 update 1 (build 61)', folder: 'D:\AZRJ\keil5\ARM\ARMCC\Bin'
Rebuild target 'UCOSII-3'
compiling system_stm32f10x.c...
compiling stm32f10x_it.c...
compiling main.c...
compiling UserCore.c...
compiling ZoneCtrl.c...
compiling UserHmi.c...
compiling led.c...
compiling key.c...
compiling FlashDivide.c...
compiling myiic.c...
compiling 24cxx.c...
compiling spi.c...
compiling w25qxx.c...
compiling tpad.c...
compiling rs485.c...
compiling rtc.c...
compiling timer.c...
compiling cmd_queue.c...
compiling hmi_user_uart.c...
compiling hmi_driver.c...
compiling IO_BSP.c...
compiling GPS.C...
compiling stmflash.c...
compiling Emw3060.c...
compiling md5.c...
..\HARDWARE\md5\core\md5.c(270): warning:  #177-D: variable "a" was declared but never referenced
  	unsigned char a;
..\HARDWARE\md5\core\md5.c: 1 warning, 0 errors
compiling iwdg.c...
compiling crc16.c...
compiling cgq.c...
compiling delay.c...
compiling core_cm3.c...
compiling sys.c...
compiling usart.c...
assembling startup_stm32f10x_hd.s...
compiling misc.c...
compiling stm32f10x_gpio.c...
compiling stm32f10x_fsmc.c...
compiling stm32f10x_rcc.c...
compiling stm32f10x_usart.c...
compiling stm32f10x_spi.c...
compiling stm32f10x_tim.c...
compiling stm32f10x_bkp.c...
compiling stm32f10x_rtc.c...
compiling stm32f10x_iwdg.c...
compiling stm32f10x_pwr.c...
compiling stm32f10x_flash.c...
compiling os_core.c...
compiling os_mbox.c...
compiling os_flag.c...
compiling os_mem.c...
compiling os_mutex.c...
compiling os_q.c...
compiling os_sem.c...
compiling os_task.c...
compiling os_time.c...
assembling os_cpu_a.asm...
compiling os_cpu_c.c...
compiling os_tmr.c...
linking...
Program Size: Code=64756 RO-data=1880 RW-data=428 ZI-data=31668  
FromELF: creating hex file...
"..\OBJ\UCOSII-3.axf" - 0 Error(s), 1 Warning(s).

<h2>Collection of Component include folders:</h2>
  D:\明基\ET-单通道水肥一体机\单通道水肥一体机-程序\单通道水肥一体机-程序\单通道水肥一体机-wifi模组\单通道水肥一体机-wifi-土壤温湿度\USER\RTE
  D:\AZRJ\keil5\ARM\PACK\Keil\STM32F1xx_DFP\1.1.0\Device\Include

<h2>Collection of Component Files used:</h2>
Build Time Elapsed:  00:00:24
</pre>
</body>
</html>
