<html>
<body>
<pre>
<h1>µVision Build Log</h1>
<h2>Tool Versions:</h2>
IDE-Version: ¦ÌVision V5.25.0.0
Copyright (C) 2017 ARM Ltd and ARM Germany GmbH. All rights reserved.
License Information: 1111 11, 11, LIC=CRMFW-QQGXR-32ZL5-GTF0J-BRK78-X3XFW
 
Tool Versions:
Toolchain:       MDK-ARM Professional  Version: 5.25.0.0
Toolchain Path:  C:\ruanjainanzhuang\keil5\ARM\ARMCC\Bin
C Compiler:      Armcc.exe V5.06 update 6 (build 750)
Assembler:       Armasm.exe V5.06 update 6 (build 750)
Linker/Locator:  ArmLink.exe V5.06 update 6 (build 750)
Library Manager: ArmAr.exe V5.06 update 6 (build 750)
Hex Converter:   FromElf.exe V5.06 update 6 (build 750)
CPU DLL:         SARMCM3.DLL V5.25.0.0
Dialog DLL:      DCM.DLL V1.17.0.0
Target DLL:      Segger\JL2CM3.dll V2.99.28.0
Dialog DLL:      TCM.DLL V1.34.0.0
 
<h2>Project:</h2>
D:\2019Project\junqing1\TagEndEmw\USER\UCOSII-3.uvprojx
Project File Date:  05/17/2019

<h2>Output:</h2>
*** Using Compiler 'V5.06 update 6 (build 750)', folder: 'C:\ruanjainanzhuang\keil5\ARM\ARMCC\Bin'
Build target 'UCOSII-3'
compiling Emw3060.c...
..\HARDWARE\Emw3060\Emw3060.c(455): warning:  #167-D: argument of type "const u8 *" is incompatible with parameter of type "const char *restrict"
  	strcat((char*)Dest,Text);
..\HARDWARE\Emw3060\Emw3060.c(458): warning:  #167-D: argument of type "u8 *" is incompatible with parameter of type "const char *restrict"
  	strcat((char*)Dest,u8Str);
..\HARDWARE\Emw3060\Emw3060.c(540): warning:  #167-D: argument of type "u8 *" is incompatible with parameter of type "char *"
  						sendEmw(NetSendBuf,0);
..\HARDWARE\Emw3060\Emw3060.c: 3 warnings, 0 errors
linking...
Program Size: Code=58056 RO-data=1448 RW-data=528 ZI-data=34088  
FromELF: creating hex file...
"..\OBJ\UCOSII-3.axf" - 0 Error(s), 3 Warning(s).

<h2>Software Packages used:</h2>

Package Vendor: Keil
                http://www.keil.com/pack/Keil.STM32F1xx_DFP.2.2.0.pack
                Keil.STM32F1xx_DFP.2.2.0
                STMicroelectronics STM32F1 Series Device Support, Drivers and Examples

<h2>Collection of Component include folders:</h2>
  .\RTE\_UCOSII-3
  C:\ruanjainanzhuang\keil5\ARM\PACK\Keil\STM32F1xx_DFP\2.2.0\Device\Include

<h2>Collection of Component Files used:</h2>
Build Time Elapsed:  00:00:02
</pre>
</body>
</html>
